// Jest Snapshot v1, https://goo.gl/fbAQLP

exports[`Test in Grid Component should render component correctly 1`] = `
<Fragment>
  <h3>
    Naruto
  </h3>
  Loading...
  <div
    className="card-grid"
  />
</Fragment>
`;
