// Jest Snapshot v1, https://goo.gl/fbAQLP

exports[`Testing GifGridItem should render component correctly 1`] = `
<div
  className="card animate__animated animate__fadeIn"
>
  <img
    alt="Some Title"
    src="http://localhost/some.png"
  />
  <p>
    Some Title
  </p>
</div>
`;
